00000811: 039da1f3 |V|A|005|        0 us   0003.676 s    < DT:0xE14DEEBC> + 0 14
00000812: 039da1f3 |V|A|005|        0 us   0003.676 s    < DT:0xE14DEEBC> ^ 0 [e045d83b]
00000830: 039da3f2 |V|A|005|        0 us   0003.677 s    < DT:0xE14DEEBC> + 20 14
00000831: 039da3f2 |V|A|005|        0 us   0003.677 s    < DT:0xE14DEEBC> ^ 20 [e045d83b]
00000850: 039da4e5 |V|A|005|        0 us   0003.677 s    < DT:0xE14DEEBC> + 40 114
00000851: 039da4e5 |V|A|005|        0 us   0003.677 s    < DT:0xE14DEEBC> ^ 40 [e045d83b]
00000811: 039da1f3 |V|A|005|        0 us   0003.676 s    < DT:0xE14DEEBC> + 60 14
00000812: 039da1f3 |V|A|005|        0 us   0003.676 s    < DT:0xE14DEEBC> ^ 80 [e045d83b]
00000830: 039da3f2 |V|A|005|        0 us   0003.677 s    < DT:0xE14DEEBC> + 100 14
00000831: 039da3f2 |V|A|005|        0 us   0003.677 s    < DT:0xE14DEEBC> ^ 20 [e045d83b]
00000850: 039da4e5 |V|A|005|        0 us   0003.677 s    < DT:0xE14DEEBC> + 40 114
00000851: 039da4e5 |V|A|005|        0 us   0003.677 s    < DT:0xE14DEEBC> ^ 40 [e045d83b]
00000811: 039da1f3 |V|A|005|        0 us   0003.676 s    < DT:0xE14DEEBC> + 0 14
00000812: 039da1f3 |V|A|005|        0 us   0003.676 s    < DT:0xE14DEEBC> ^ 0 [e045d83b]
00000830: 039da3f2 |V|A|005|        0 us   0003.677 s    < DT:0xE14DEEBC> + 20 14
00000831: 039da3f2 |V|A|005|        0 us   0003.677 s    < DT:0xE14DEEBC> ^ 20 [e045d83b]
00000850: 039da4e5 |V|A|005|        0 us   0003.677 s    < DT:0xE14DEEBC> + 40 114
00000851: 039da4e5 |V|A|005|        0 us   0003.677 s    < DT:0xE14DEEBC> ^ 40 [e045d83b]
00000811: 039da1f3 |V|A|005|        0 us   0003.676 s    < DT:0xE14DEEBC> + 0 14
00000812: 039da1f3 |V|A|005|        0 us   0003.676 s    < DT:0xE14DEEBC> ^ 0 [e045d83b]
00000830: 039da3f2 |V|A|005|        0 us   0003.677 s    < DT:0xE14DEEBC> + 20 14
00000831: 039da3f2 |V|A|005|        0 us   0003.677 s    < DT:0xE14DEEBC> ^ 20 [e045d83b]
00000850: 039da4e5 |V|A|005|        0 us   0003.677 s    < DT:0xE14DEEBC> + 40 114
00000851: 039da4e5 |V|A|005|        0 us   0003.677 s    < DT:0xE14DEEBC> ^ 40 [e045d83b]
00000811: 039da1f3 |V|A|005|        0 us   0003.676 s    < DT:0xE14DEEBC> + 0 14
00000812: 039da1f3 |V|A|005|        0 us   0003.676 s    < DT:0xE14DEEBC> ^ 0 [e045d83b]
00000830: 039da3f2 |V|A|005|        0 us   0003.677 s    < DT:0xE14DEEBC> + 20 14
00000831: 039da3f2 |V|A|005|        0 us   0003.677 s    < DT:0xE14DEEBC> ^ 20 [e045d83b]
00000850: 039da4e5 |V|A|005|        0 us   0003.677 s    < DT:0xE14DEEBC> + 40 114
00000851: 039da4e5 |V|A|005|        0 us   0003.677 s    < DT:0xE14DEEBC> ^ 40 [e045d83b]
00000811: 039da1f3 |V|A|005|        0 us   0003.676 s    < DT:0xE14DEEBC> + 0 14
00000812: 039da1f3 |V|A|005|        0 us   0003.676 s    < DT:0xE14DEEBC> ^ 0 [e045d83b]
00000830: 039da3f2 |V|A|005|        0 us   0003.677 s    < DT:0xE14DEEBC> + 20 14
00000831: 039da3f2 |V|A|005|        0 us   0003.677 s    < DT:0xE14DEEBC> ^ 20 [e045d83b]
00000850: 039da4e5 |V|A|005|        0 us   0003.677 s    < DT:0xE14DEEBC> + 40 114
00000851: 039da4e5 |V|A|005|        0 us   0003.677 s    < DT:0xE14DEEBC> ^ 40 [e045d83b]
00000811: 039da1f3 |V|A|005|        0 us   0003.676 s    < DT:0xE14DEEBC> + 0 14
00000812: 039da1f3 |V|A|005|        0 us   0003.676 s    < DT:0xE14DEEBC> ^ 0 [e045d83b]
00000830: 039da3f2 |V|A|005|        0 us   0003.677 s    < DT:0xE14DEEBC> + 20 14
00000831: 039da3f2 |V|A|005|        0 us   0003.677 s    < DT:0xE14DEEBC> ^ 20 [e045d83b]
00000850: 039da4e5 |V|A|005|        0 us   0003.677 s    < DT:0xE14DEEBC> + 40 114
00000851: 039da4e5 |V|A|005|        0 us   0003.677 s    < DT:0xE14DEEBC> ^ 40 [e045d83b]
00000811: 039da1f3 |V|A|005|        0 us   0003.676 s    < DT:0xE14DEEBC> + 0 14
00000812: 039da1f3 |V|A|005|        0 us   0003.676 s    < DT:0xE14DEEBC> ^ 0 [e045d83b]
00000830: 039da3f2 |V|A|005|        0 us   0003.677 s    < DT:0xE14DEEBC> + 20 14
00000831: 039da3f2 |V|A|005|        0 us   0003.677 s    < DT:0xE14DEEBC> ^ 20 [e045d83b]
00000850: 039da4e5 |V|A|005|        0 us   0003.677 s    < DT:0xE14DEEBC> + 40 114
00000851: 039da4e5 |V|A|005|        0 us   0003.677 s    < DT:0xE14DEEBC> ^ 40 [e045d83b]
00000811: 039da1f3 |V|A|005|        0 us   0003.676 s    < DT:0xE14DEEBC> + 0 14
00000812: 039da1f3 |V|A|005|        0 us   0003.676 s    < DT:0xE14DEEBC> ^ 0 [e045d83b]
00000830: 039da3f2 |V|A|005|        0 us   0003.677 s    < DT:0xE14DEEBC> + 20 14
00000831: 039da3f2 |V|A|005|        0 us   0003.677 s    < DT:0xE14DEEBC> ^ 20 [e045d83b]
00000850: 039da4e5 |V|A|005|        0 us   0003.677 s    < DT:0xE14DEEBC> + 40 114
00000851: 039da4e5 |V|A|005|        0 us   0003.677 s    < DT:0xE14DEEBC> ^ 40 [e045d83b]
00000811: 039da1f3 |V|A|005|        0 us   0003.676 s    < DT:0xE14DEEBC> + 0 14
00000812: 039da1f3 |V|A|005|        0 us   0003.676 s    < DT:0xE14DEEBC> ^ 0 [e045d83b]
00000830: 039da3f2 |V|A|005|        0 us   0003.677 s    < DT:0xE14DEEBC> + 20 14
00000831: 039da3f2 |V|A|005|        0 us   0003.677 s    < DT:0xE14DEEBC> ^ 20 [e045d83b]
00000850: 039da4e5 |V|A|005|        0 us   0003.677 s    < DT:0xE14DEEBC> + 40 114
00000851: 039da4e5 |V|A|005|        0 us   0003.677 s    < DT:0xE14DEEBC> ^ 40 [e045d83b]
00000811: 039da1f3 |V|A|005|        0 us   0003.676 s    < DT:0xE14DEEBC> + 0 14
00000812: 039da1f3 |V|A|005|        0 us   0003.676 s    < DT:0xE14DEEBC> ^ 0 [e045d83b]
00000830: 039da3f2 |V|A|005|        0 us   0003.677 s    < DT:0xE14DEEBC> + 20 14
00000831: 039da3f2 |V|A|005|        0 us   0003.677 s    < DT:0xE14DEEBC> ^ 20 [e045d83b]
00000850: 039da4e5 |V|A|005|        0 us   0003.677 s    < DT:0xE14DEEBC> + 40 114
00000851: 039da4e5 |V|A|005|        0 us   0003.677 s    < DT:0xE14DEEBC> ^ 40 [e045d83b]
00000811: 039da1f3 |V|A|005|        0 us   0003.676 s    < DT:0xE14DEEBC> + 0 14
00000812: 039da1f3 |V|A|005|        0 us   0003.676 s    < DT:0xE14DEEBC> ^ 0 [e045d83b]
00000830: 039da3f2 |V|A|005|        0 us   0003.677 s    < DT:0xE14DEEBC> + 20 14
00000831: 039da3f2 |V|A|005|        0 us   0003.677 s    < DT:0xE14DEEBC> ^ 20 [e045d83b]
00000850: 039da4e5 |V|A|005|        0 us   0003.677 s    < DT:0xE14DEEBC> + 40 114
00000851: 039da4e5 |V|A|005|        0 us   0003.677 s    < DT:0xE14DEEBC> ^ 40 [e045d83b]
00000811: 039da1f3 |V|A|005|        0 us   0003.676 s    < DT:0xE14DEEBC> + 0 14
00000812: 039da1f3 |V|A|005|        0 us   0003.676 s    < DT:0xE14DEEBC> ^ 0 [e045d83b]
00000830: 039da3f2 |V|A|005|        0 us   0003.677 s    < DT:0xE14DEEBC> + 20 14
00000831: 039da3f2 |V|A|005|        0 us   0003.677 s    < DT:0xE14DEEBC> ^ 20 [e045d83b]
00000850: 039da4e5 |V|A|005|        0 us   0003.677 s    < DT:0xE14DEEBC> + 40 114
00000851: 039da4e5 |V|A|005|        0 us   0003.677 s    < DT:0xE14DEEBC> ^ 40 [e045d83b]
00000811: 039da1f3 |V|A|005|        0 us   0003.676 s    < DT:0xE14DEEBC> + 0 14
00000812: 039da1f3 |V|A|005|        0 us   0003.676 s    < DT:0xE14DEEBC> ^ 0 [e045d83b]
00000830: 039da3f2 |V|A|005|        0 us   0003.677 s    < DT:0xE14DEEBC> + 20 14
00000831: 039da3f2 |V|A|005|        0 us   0003.677 s    < DT:0xE14DEEBC> ^ 20 [e045d83b]
00000850: 039da4e5 |V|A|005|        0 us   0003.677 s    < DT:0xE14DEEBC> + 40 114
00000851: 039da4e5 |V|A|005|        0 us   0003.677 s    < DT:0xE14DEEBC> ^ 40 [e045d83b]
00000811: 039da1f3 |V|A|005|        0 us   0003.676 s    < DT:0xE14DEEBC> + 0 14
00000812: 039da1f3 |V|A|005|        0 us   0003.676 s    < DT:0xE14DEEBC> ^ 0 [e045d83b]
00000830: 039da3f2 |V|A|005|        0 us   0003.677 s    < DT:0xE14DEEBC> + 20 14
00000831: 039da3f2 |V|A|005|        0 us   0003.677 s    < DT:0xE14DEEBC> ^ 20 [e045d83b]
00000850: 039da4e5 |V|A|005|        0 us   0003.677 s    < DT:0xE14DEEBC> + 40 114
00000851: 039da4e5 |V|A|005|        0 us   0003.677 s    < DT:0xE14DEEBC> ^ 40 [e045d83b]
00000811: 039da1f3 |V|A|005|        0 us   0003.676 s    < DT:0xE14DEEBC> + 0 14
00000812: 039da1f3 |V|A|005|        0 us   0003.676 s    < DT:0xE14DEEBC> ^ 0 [e045d83b]
00000830: 039da3f2 |V|A|005|        0 us   0003.677 s    < DT:0xE14DEEBC> + 20 14
00000831: 039da3f2 |V|A|005|        0 us   0003.677 s    < DT:0xE14DEEBC> ^ 20 [e045d83b]
00000850: 039da4e5 |V|A|005|        0 us   0003.677 s    < DT:0xE14DEEBC> + 40 114
00000851: 039da4e5 |V|A|005|        0 us   0003.677 s    < DT:0xE14DEEBC> ^ 40 [e045d83b]
00000811: 039da1f3 |V|A|005|        0 us   0003.676 s    < DT:0xE14DEEBC> + 0 14
00000812: 039da1f3 |V|A|005|        0 us   0003.676 s    < DT:0xE14DEEBC> ^ 0 [e045d83b]
00000830: 039da3f2 |V|A|005|        0 us   0003.677 s    < DT:0xE14DEEBC> + 20 14
00000831: 039da3f2 |V|A|005|        0 us   0003.677 s    < DT:0xE14DEEBC> ^ 20 [e045d83b]
00000850: 039da4e5 |V|A|005|        0 us   0003.677 s    < DT:0xE14DEEBC> + 40 114
00000851: 039da4e5 |V|A|005|        0 us   0003.677 s    < DT:0xE14DEEBC> ^ 40 [e045d83b]
00000811: 039da1f3 |V|A|005|        0 us   0003.676 s    < DT:0xE14DEEBC> + 0 14
00000812: 039da1f3 |V|A|005|        0 us   0003.676 s    < DT:0xE14DEEBC> ^ 0 [e045d83b]
00000830: 039da3f2 |V|A|005|        0 us   0003.677 s    < DT:0xE14DEEBC> + 20 14
00000831: 039da3f2 |V|A|005|        0 us   0003.677 s    < DT:0xE14DEEBC> ^ 20 [e045d83b]
00000850: 039da4e5 |V|A|005|        0 us   0003.677 s    < DT:0xE14DEEBC> + 40 114
00000851: 039da4e5 |V|A|005|        0 us   0003.677 s    < DT:0xE14DEEBC> ^ 40 [e045d83b]
00000811: 039da1f3 |V|A|005|        0 us   0003.676 s    < DT:0xE14DEEBC> + 0 14
00000812: 039da1f3 |V|A|005|        0 us   0003.676 s    < DT:0xE14DEEBC> ^ 0 [e045d83b]
00000830: 039da3f2 |V|A|005|        0 us   0003.677 s    < DT:0xE14DEEBC> + 20 14
00000831: 039da3f2 |V|A|005|        0 us   0003.677 s    < DT:0xE14DEEBC> ^ 20 [e045d83b]
00000850: 039da4e5 |V|A|005|        0 us   0003.677 s    < DT:0xE14DEEBC> + 40 114
00000851: 039da4e5 |V|A|005|        0 us   0003.677 s    < DT:0xE14DEEBC> ^ 40 [e045d83b]
00000811: 039da1f3 |V|A|005|        0 us   0003.676 s    < DT:0xE14DEEBC> + 0 14
00000812: 039da1f3 |V|A|005|        0 us   0003.676 s    < DT:0xE14DEEBC> ^ 0 [e045d83b]
00000830: 039da3f2 |V|A|005|        0 us   0003.677 s    < DT:0xE14DEEBC> + 20 14
00000831: 039da3f2 |V|A|005|        0 us   0003.677 s    < DT:0xE14DEEBC> ^ 20 [e045d83b]
00000850: 039da4e5 |V|A|005|        0 us   0003.677 s    < DT:0xE14DEEBC> + 40 114
00000851: 039da4e5 |V|A|005|        0 us   0003.677 s    < DT:0xE14DEEBC> ^ 40 [e045d83b]
00000811: 039da1f3 |V|A|005|        0 us   0003.676 s    < DT:0xE14DEEBC> + 0 14
00000812: 039da1f3 |V|A|005|        0 us   0003.676 s    < DT:0xE14DEEBC> ^ 0 [e045d83b]
00000830: 039da3f2 |V|A|005|        0 us   0003.677 s    < DT:0xE14DEEBC> + 20 14
00000831: 039da3f2 |V|A|005|        0 us   0003.677 s    < DT:0xE14DEEBC> ^ 20 [e045d83b]
00000850: 039da4e5 |V|A|005|        0 us   0003.677 s    < DT:0xE14DEEBC> + 40 114
00000851: 039da4e5 |V|A|005|        0 us   0003.677 s    < DT:0xE14DEEBC> ^ 40 [e045d83b]
00000811: 039da1f3 |V|A|005|        0 us   0003.676 s    < DT:0xE14DEEBC> + 0 14
00000812: 039da1f3 |V|A|005|        0 us   0003.676 s    < DT:0xE14DEEBC> ^ 0 [e045d83b]
00000830: 039da3f2 |V|A|005|        0 us   0003.677 s    < DT:0xE14DEEBC> + 20 14
00000831: 039da3f2 |V|A|005|        0 us   0003.677 s    < DT:0xE14DEEBC> ^ 20 [e045d83b]
00000850: 039da4e5 |V|A|005|        0 us   0003.677 s    < DT:0xE14DEEBC> + 40 114
00000851: 039da4e5 |V|A|005|        0 us   0003.677 s    < DT:0xE14DEEBC> ^ 40 [e045d83b]
00000811: 039da1f3 |V|A|005|        0 us   0003.676 s    < DT:0xE14DEEBC> + 0 14
00000812: 039da1f3 |V|A|005|        0 us   0003.676 s    < DT:0xE14DEEBC> ^ 0 [e045d83b]
00000830: 039da3f2 |V|A|005|        0 us   0003.677 s    < DT:0xE14DEEBC> + 20 14
00000831: 039da3f2 |V|A|005|        0 us   0003.677 s    < DT:0xE14DEEBC> ^ 20 [e045d83b]
00000850: 039da4e5 |V|A|005|        0 us   0003.677 s    < DT:0xE14DEEBC> + 40 114
00000851: 039da4e5 |V|A|005|        0 us   0003.677 s    < DT:0xE14DEEBC> ^ 40 [e045d83b]
00000811: 039da1f3 |V|A|005|        0 us   0003.676 s    < DT:0xE14DEEBC> + 0 14
00000812: 039da1f3 |V|A|005|        0 us   0003.676 s    < DT:0xE14DEEBC> ^ 0 [e045d83b]
00000830: 039da3f2 |V|A|005|        0 us   0003.677 s    < DT:0xE14DEEBC> + 20 14
00000831: 039da3f2 |V|A|005|        0 us   0003.677 s    < DT:0xE14DEEBC> ^ 20 [e045d83b]
00000850: 039da4e5 |V|A|005|        0 us   0003.677 s    < DT:0xE14DEEBC> + 40 114
00000851: 039da4e5 |V|A|005|        0 us   0003.677 s    < DT:0xE14DEEBC> ^ 40 [e045d83b]
00000811: 039da1f3 |V|A|005|        0 us   0003.676 s    < DT:0xE14DEEBC> + 0 14
00000812: 039da1f3 |V|A|005|        0 us   0003.676 s    < DT:0xE14DEEBC> ^ 0 [e045d83b]
00000830: 039da3f2 |V|A|005|        0 us   0003.677 s    < DT:0xE14DEEBC> + 20 14
00000831: 039da3f2 |V|A|005|        0 us   0003.677 s    < DT:0xE14DEEBC> ^ 20 [e045d83b]
00000850: 039da4e5 |V|A|005|        0 us   0003.677 s    < DT:0xE14DEEBC> + 40 114
00000851: 039da4e5 |V|A|005|        0 us   0003.677 s    < DT:0xE14DEEBC> ^ 40 [e045d83b]
00000811: 039da1f3 |V|A|005|        0 us   0003.676 s    < DT:0xE14DEEBC> + 0 14
00000812: 039da1f3 |V|A|005|        0 us   0003.676 s    < DT:0xE14DEEBC> ^ 0 [e045d83b]
00000830: 039da3f2 |V|A|005|        0 us   0003.677 s    < DT:0xE14DEEBC> + 20 14
00000831: 039da3f2 |V|A|005|        0 us   0003.677 s    < DT:0xE14DEEBC> ^ 20 [e045d83b]
00000850: 039da4e5 |V|A|005|        0 us   0003.677 s    < DT:0xE14DEEBC> + 40 114
00000851: 039da4e5 |V|A|005|        0 us   0003.677 s    < DT:0xE14DEEBC> ^ 40 [e045d83b]
00000811: 039da1f3 |V|A|005|        0 us   0003.676 s    < DT:0xE14DEEBC> + 0 14
00000812: 039da1f3 |V|A|005|        0 us   0003.676 s    < DT:0xE14DEEBC> ^ 0 [e045d83b]
00000830: 039da3f2 |V|A|005|        0 us   0003.677 s    < DT:0xE14DEEBC> + 20 14
00000831: 039da3f2 |V|A|005|        0 us   0003.677 s    < DT:0xE14DEEBC> ^ 20 [e045d83b]
00000850: 039da4e5 |V|A|005|        0 us   0003.677 s    < DT:0xE14DEEBC> + 40 114
00000851: 039da4e5 |V|A|005|        0 us   0003.677 s    < DT:0xE14DEEBC> ^ 40 [e045d83b]
00000811: 039da1f3 |V|A|005|        0 us   0003.676 s    < DT:0xE14DEEBC> + 0 14
00000812: 039da1f3 |V|A|005|        0 us   0003.676 s    < DT:0xE14DEEBC> ^ 0 [e045d83b]
00000830: 039da3f2 |V|A|005|        0 us   0003.677 s    < DT:0xE14DEEBC> + 20 14
00000831: 039da3f2 |V|A|005|        0 us   0003.677 s    < DT:0xE14DEEBC> ^ 20 [e045d83b]
00000850: 039da4e5 |V|A|005|        0 us   0003.677 s    < DT:0xE14DEEBC> + 40 114
00000851: 039da4e5 |V|A|005|        0 us   0003.677 s    < DT:0xE14DEEBC> ^ 40 [e045d83b]
00000811: 039da1f3 |V|A|005|        0 us   0003.676 s    < DT:0xE14DEEBC> + 0 14
00000812: 039da1f3 |V|A|005|        0 us   0003.676 s    < DT:0xE14DEEBC> ^ 0 [e045d83b]
00000830: 039da3f2 |V|A|005|        0 us   0003.677 s    < DT:0xE14DEEBC> + 20 14
00000831: 039da3f2 |V|A|005|        0 us   0003.677 s    < DT:0xE14DEEBC> ^ 20 [e045d83b]
00000850: 039da4e5 |V|A|005|        0 us   0003.677 s    < DT:0xE14DEEBC> + 40 114
00000851: 039da4e5 |V|A|005|        0 us   0003.677 s    < DT:0xE14DEEBC> ^ 40 [e045d83b]
00000811: 039da1f3 |V|A|005|        0 us   0003.676 s    < DT:0xE14DEEBC> + 0 14
00000812: 039da1f3 |V|A|005|        0 us   0003.676 s    < DT:0xE14DEEBC> ^ 0 [e045d83b]
00000830: 039da3f2 |V|A|005|        0 us   0003.677 s    < DT:0xE14DEEBC> + 20 14
00000831: 039da3f2 |V|A|005|        0 us   0003.677 s    < DT:0xE14DEEBC> ^ 20 [e045d83b]
00000850: 039da4e5 |V|A|005|        0 us   0003.677 s    < DT:0xE14DEEBC> + 40 114
00000851: 039da4e5 |V|A|005|        0 us   0003.677 s    < DT:0xE14DEEBC> ^ 40 [e045d83b]
00000811: 039da1f3 |V|A|005|        0 us   0003.676 s    < DT:0xE14DEEBC> + 0 14
00000812: 039da1f3 |V|A|005|        0 us   0003.676 s    < DT:0xE14DEEBC> ^ 0 [e045d83b]
00000830: 039da3f2 |V|A|005|        0 us   0003.677 s    < DT:0xE14DEEBC> + 20 14
00000831: 039da3f2 |V|A|005|        0 us   0003.677 s    < DT:0xE14DEEBC> ^ 20 [e045d83b]
00000850: 039da4e5 |V|A|005|        0 us   0003.677 s    < DT:0xE14DEEBC> + 40 114
00000851: 039da4e5 |V|A|005|        0 us   0003.677 s    < DT:0xE14DEEBC> ^ 40 [e045d83b]
00000811: 039da1f3 |V|A|005|        0 us   0003.676 s    < DT:0xE14DEEBC> + 0 14
00000812: 039da1f3 |V|A|005|        0 us   0003.676 s    < DT:0xE14DEEBC> ^ 0 [e045d83b]
00000830: 039da3f2 |V|A|005|        0 us   0003.677 s    < DT:0xE14DEEBC> + 20 14
00000831: 039da3f2 |V|A|005|        0 us   0003.677 s    < DT:0xE14DEEBC> ^ 20 [e045d83b]
00000850: 039da4e5 |V|A|005|        0 us   0003.677 s    < DT:0xE14DEEBC> + 40 114
00000851: 039da4e5 |V|A|005|        0 us   0003.677 s    < DT:0xE14DEEBC> ^ 40 [e045d83b]
00000811: 039da1f3 |V|A|005|        0 us   0003.676 s    < DT:0xE14DEEBC> + 15c 14
00000812: 039da1f3 |V|A|005|        0 us   0003.676 s    < DT:0xE14DEEBC> ^ 15c [e045d83b]
00000830: 039da3f2 |V|A|005|        0 us   0003.677 s    < DT:0xE14DEEBC> + 17c 14
00000831: 039da3f2 |V|A|005|        0 us   0003.677 s    < DT:0xE14DEEBC> ^ 17c [e045d83b]
00000850: 039da4e5 |V|A|005|        0 us   0003.677 s    < DT:0xE14DEEBC> + 19c 114
00000851: 039da4e5 |V|A|005|        0 us   0003.677 s    < DT:0xE14DEEBC> ^ 19c [e045d83b]
00000811: 039da1f3 |V|A|005|        0 us   0003.676 s    < DT:0xE14DEEBC> + 0 14
00000812: 039da1f3 |V|A|005|        0 us   0003.676 s    < DT:0xE14DEEBC> ^ 0 [e045d83b]
00000830: 039da3f2 |V|A|005|        0 us   0003.677 s    < DT:0xE14DEEBC> + 20 14
00000831: 039da3f2 |V|A|005|        0 us   0003.677 s    < DT:0xE14DEEBC> ^ 20 [e045d83b]
00000850: 039da4e5 |V|A|005|        0 us   0003.677 s    < DT:0xE14DEEBC> + 40 114
00000851: 039da4e5 |V|A|005|        0 us   0003.677 s    < DT:0xE14DEEBC> ^ 40 [e045d83b]
00000811: 039da1f3 |V|A|005|        0 us   0003.676 s    < DT:0xE14DEEBC> + 0 14
00000812: 039da1f3 |V|A|005|        0 us   0003.676 s    < DT:0xE14DEEBC> ^ 0 [e045d83b]
00000830: 039da3f2 |V|A|005|        0 us   0003.677 s    < DT:0xE14DEEBC> + 20 14
00000831: 039da3f2 |V|A|005|        0 us   0003.677 s    < DT:0xE14DEEBC> ^ 20 [e045d83b]
00000850: 039da4e5 |V|A|005|        0 us   0003.677 s    < DT:0xE14DEEBC> + 40 114
00000851: 039da4e5 |V|A|005|        0 us   0003.677 s    < DT:0xE14DEEBC> ^ 40 [e045d83b]
00000811: 039da1f3 |V|A|005|        0 us   0003.676 s    < DT:0xE14DEEBC> + 0 14
00000812: 039da1f3 |V|A|005|        0 us   0003.676 s    < DT:0xE14DEEBC> ^ 0 [e045d83b]
00000830: 039da3f2 |V|A|005|        0 us   0003.677 s    < DT:0xE14DEEBC> + 20 14
00000831: 039da3f2 |V|A|005|        0 us   0003.677 s    < DT:0xE14DEEBC> ^ 20 [e045d83b]
00000850: 039da4e5 |V|A|005|        0 us   0003.677 s    < DT:0xE14DEEBC> + 40 114
00000851: 039da4e5 |V|A|005|        0 us   0003.677 s    < DT:0xE14DEEBC> ^ 40 [e045d83b]
00000811: 039da1f3 |V|A|005|        0 us   0003.676 s    < DT:0xE14DEEBC> + 0 14
00000812: 039da1f3 |V|A|005|        0 us   0003.676 s    < DT:0xE14DEEBC> ^ 0 [e045d83b]
00000830: 039da3f2 |V|A|005|        0 us   0003.677 s    < DT:0xE14DEEBC> + 20 14
00000831: 039da3f2 |V|A|005|        0 us   0003.677 s    < DT:0xE14DEEBC> ^ 20 [e045d83b]
00000850: 039da4e5 |V|A|005|        0 us   0003.677 s    < DT:0xE14DEEBC> + 40 114
00000851: 039da4e5 |V|A|005|        0 us   0003.677 s    < DT:0xE14DEEBC> ^ 40 [e045d83b]
00000811: 039da1f3 |V|A|005|        0 us   0003.676 s    < DT:0xE14DEEBC> + 0 14
00000812: 039da1f3 |V|A|005|        0 us   0003.676 s    < DT:0xE14DEEBC> ^ 0 [e045d83b]
00000830: 039da3f2 |V|A|005|        0 us   0003.677 s    < DT:0xE14DEEBC> + 20 14
00000831: 039da3f2 |V|A|005|        0 us   0003.677 s    < DT:0xE14DEEBC> ^ 20 [e045d83b]
00000850: 039da4e5 |V|A|005|        0 us   0003.677 s    < DT:0xE14DEEBC> + 40 114
00000851: 039da4e5 |V|A|005|        0 us   0003.677 s    < DT:0xE14DEEBC> ^ 40 [e045d83b]
00000811: 039da1f3 |V|A|005|        0 us   0003.676 s    < DT:0xE14DEEBC> + 0 14
00000812: 039da1f3 |V|A|005|        0 us   0003.676 s    < DT:0xE14DEEBC> ^ 0 [e045d83b]
00000830: 039da3f2 |V|A|005|        0 us   0003.677 s    < DT:0xE14DEEBC> + 20 14
00000831: 039da3f2 |V|A|005|        0 us   0003.677 s    < DT:0xE14DEEBC> ^ 20 [e045d83b]
00000850: 039da4e5 |V|A|005|        0 us   0003.677 s    < DT:0xE14DEEBC> + 40 114
00000851: 039da4e5 |V|A|005|        0 us   0003.677 s    < DT:0xE14DEEBC> ^ 40 [e045d83b]
00000811: 039da1f3 |V|A|005|        0 us   0003.676 s    < DT:0xE14DEEBC> + 0 14
00000812: 039da1f3 |V|A|005|        0 us   0003.676 s    < DT:0xE14DEEBC> ^ 0 [e045d83b]
00000830: 039da3f2 |V|A|005|        0 us   0003.677 s    < DT:0xE14DEEBC> + 20 14
00000831: 039da3f2 |V|A|005|        0 us   0003.677 s    < DT:0xE14DEEBC> ^ 20 [e045d83b]
00000850: 039da4e5 |V|A|005|        0 us   0003.677 s    < DT:0xE14DEEBC> + 40 114
00000851: 039da4e5 |V|A|005|        0 us   0003.677 s    < DT:0xE14DEEBC> ^ 40 [e045d83b]
00000811: 039da1f3 |V|A|005|        0 us   0003.676 s    < DT:0xE14DEEBC> + 0 14
00000812: 039da1f3 |V|A|005|        0 us   0003.676 s    < DT:0xE14DEEBC> ^ 0 [e045d83b]
00000830: 039da3f2 |V|A|005|        0 us   0003.677 s    < DT:0xE14DEEBC> + 20 14
00000831: 039da3f2 |V|A|005|        0 us   0003.677 s    < DT:0xE14DEEBC> ^ 20 [e045d83b]
00000850: 039da4e5 |V|A|005|        0 us   0003.677 s    < DT:0xE14DEEBC> + 40 114
00000851: 039da4e5 |V|A|005|        0 us   0003.677 s    < DT:0xE14DEEBC> ^ 40 [e045d83b]
00000811: 039da1f3 |V|A|005|        0 us   0003.676 s    < DT:0xE14DEEBC> + 0 14
00000812: 039da1f3 |V|A|005|        0 us   0003.676 s    < DT:0xE14DEEBC> ^ 0 [e045d83b]
00000830: 039da3f2 |V|A|005|        0 us   0003.677 s    < DT:0xE14DEEBC> + 20 14
00000831: 039da3f2 |V|A|005|        0 us   0003.677 s    < DT:0xE14DEEBC> ^ 20 [e045d83b]
00000850: 039da4e5 |V|A|005|        0 us   0003.677 s    < DT:0xE14DEEBC> + 40 114
00000851: 039da4e5 |V|A|005|        0 us   0003.677 s    < DT:0xE14DEEBC> ^ 40 [e045d83b]
00000811: 039da1f3 |V|A|005|        0 us   0003.676 s    < DT:0xE14DEEBC> + 0 14
00000812: 039da1f3 |V|A|005|        0 us   0003.676 s    < DT:0xE14DEEBC> ^ 0 [e045d83b]
00000830: 039da3f2 |V|A|005|        0 us   0003.677 s    < DT:0xE14DEEBC> + 20 14
00000831: 039da3f2 |V|A|005|        0 us   0003.677 s    < DT:0xE14DEEBC> ^ 20 [e045d83b]
00000850: 039da4e5 |V|A|005|        0 us   0003.677 s    < DT:0xE14DEEBC> + 40 114
00000851: 039da4e5 |V|A|005|        0 us   0003.677 s    < DT:0xE14DEEBC> ^ 40 [e045d83b]
00000811: 039da1f3 |V|A|005|        0 us   0003.676 s    < DT:0xE14DEEBC> + 0 14
00000812: 039da1f3 |V|A|005|        0 us   0003.676 s    < DT:0xE14DEEBC> ^ 0 [e045d83b]
00000830: 039da3f2 |V|A|005|        0 us   0003.677 s    < DT:0xE14DEEBC> + 20 14
00000831: 039da3f2 |V|A|005|        0 us   0003.677 s    < DT:0xE14DEEBC> ^ 20 [e045d83b]
00000850: 039da4e5 |V|A|005|        0 us   0003.677 s    < DT:0xE14DEEBC> + 40 114
00000851: 039da4e5 |V|A|005|        0 us   0003.677 s    < DT:0xE14DEEBC> ^ 40 [e045d83b]
00000811: 039da1f3 |V|A|005|        0 us   0003.676 s    < DT:0xE14DEEBC> + 0 14
00000812: 039da1f3 |V|A|005|        0 us   0003.676 s    < DT:0xE14DEEBC> ^ 0 [e045d83b]
00000830: 039da3f2 |V|A|005|        0 us   0003.677 s    < DT:0xE14DEEBC> + 20 14
00000831: 039da3f2 |V|A|005|        0 us   0003.677 s    < DT:0xE14DEEBC> ^ 20 [e045d83b]
00000850: 039da4e5 |V|A|005|        0 us   0003.677 s    < DT:0xE14DEEBC> + 40 114
00000851: 039da4e5 |V|A|005|        0 us   0003.677 s    < DT:0xE14DEEBC> ^ 40 [e045d83b]
00000811: 039da1f3 |V|A|005|        0 us   0003.676 s    < DT:0xE14DEEBC> + 0 14
00000812: 039da1f3 |V|A|005|        0 us   0003.676 s    < DT:0xE14DEEBC> ^ 0 [e045d83b]
00000830: 039da3f2 |V|A|005|        0 us   0003.677 s    < DT:0xE14DEEBC> + 20 14
00000831: 039da3f2 |V|A|005|        0 us   0003.677 s    < DT:0xE14DEEBC> ^ 20 [e045d83b]
00000850: 039da4e5 |V|A|005|        0 us   0003.677 s    < DT:0xE14DEEBC> + 40 114
00000851: 039da4e5 |V|A|005|        0 us   0003.677 s    < DT:0xE14DEEBC> ^ 40 [e045d83b]
00000811: 039da1f3 |V|A|005|        0 us   0003.676 s    < DT:0xE14DEEBC> + 0 14
00000812: 039da1f3 |V|A|005|        0 us   0003.676 s    < DT:0xE14DEEBC> ^ 0 [e045d83b]
00000830: 039da3f2 |V|A|005|        0 us   0003.677 s    < DT:0xE14DEEBC> + 20 14
00000831: 039da3f2 |V|A|005|        0 us   0003.677 s    < DT:0xE14DEEBC> ^ 20 [e045d83b]
00000850: 039da4e5 |V|A|005|        0 us   0003.677 s    < DT:0xE14DEEBC> + 40 114
00000851: 039da4e5 |V|A|005|        0 us   0003.677 s    < DT:0xE14DEEBC> ^ 40 [e045d83b]
00000811: 039da1f3 |V|A|005|        0 us   0003.676 s    < DT:0xE14DEEBC> + 0 14
00000812: 039da1f3 |V|A|005|        0 us   0003.676 s    < DT:0xE14DEEBC> ^ 0 [e045d83b]
00000830: 039da3f2 |V|A|005|        0 us   0003.677 s    < DT:0xE14DEEBC> + 20 14
00000831: 039da3f2 |V|A|005|        0 us   0003.677 s    < DT:0xE14DEEBC> ^ 20 [e045d83b]
00000850: 039da4e5 |V|A|005|        0 us   0003.677 s    < DT:0xE14DEEBC> + 40 114
00000851: 039da4e5 |V|A|005|        0 us   0003.677 s    < DT:0xE14DEEBC> ^ 40 [e045d83b]
00000811: 039da1f3 |V|A|005|        0 us   0003.676 s    < DT:0xE14DEEBC> + 0 14
00000812: 039da1f3 |V|A|005|        0 us   0003.676 s    < DT:0xE14DEEBC> ^ 0 [e045d83b]
00000830: 039da3f2 |V|A|005|        0 us   0003.677 s    < DT:0xE14DEEBC> + 20 14
00000831: 039da3f2 |V|A|005|        0 us   0003.677 s    < DT:0xE14DEEBC> ^ 20 [e045d83b]
00000850: 039da4e5 |V|A|005|        0 us   0003.677 s    < DT:0xE14DEEBC> + 40 114
00000851: 039da4e5 |V|A|005|        0 us   0003.677 s    < DT:0xE14DEEBC> ^ 40 [e045d83b]
00000811: 039da1f3 |V|A|005|        0 us   0003.676 s    < DT:0xE14DEEBC> + 0 14
00000812: 039da1f3 |V|A|005|        0 us   0003.676 s    < DT:0xE14DEEBC> ^ 0 [e045d83b]
00000830: 039da3f2 |V|A|005|        0 us   0003.677 s    < DT:0xE14DEEBC> + 20 14
00000831: 039da3f2 |V|A|005|        0 us   0003.677 s    < DT:0xE14DEEBC> ^ 20 [e045d83b]
00000850: 039da4e5 |V|A|005|        0 us   0003.677 s    < DT:0xE14DEEBC> + 40 114
00000851: 039da4e5 |V|A|005|        0 us   0003.677 s    < DT:0xE14DEEBC> ^ 40 [e045d83b]
00000811: 039da1f3 |V|A|005|        0 us   0003.676 s    < DT:0xE14DEEBC> + 0 14
00000812: 039da1f3 |V|A|005|        0 us   0003.676 s    < DT:0xE14DEEBC> ^ 0 [e045d83b]
00000830: 039da3f2 |V|A|005|        0 us   0003.677 s    < DT:0xE14DEEBC> + 20 14
00000831: 039da3f2 |V|A|005|        0 us   0003.677 s    < DT:0xE14DEEBC> ^ 20 [e045d83b]
00000850: 039da4e5 |V|A|005|        0 us   0003.677 s    < DT:0xE14DEEBC> + 40 114
00000851: 039da4e5 |V|A|005|        0 us   0003.677 s    < DT:0xE14DEEBC> ^ 40 [e045d83b]
00000811: 039da1f3 |V|A|005|        0 us   0003.676 s    < DT:0xE14DEEBC> + 0 14
00000812: 039da1f3 |V|A|005|        0 us   0003.676 s    < DT:0xE14DEEBC> ^ 0 [e045d83b]
00000830: 039da3f2 |V|A|005|        0 us   0003.677 s    < DT:0xE14DEEBC> + 20 14
00000831: 039da3f2 |V|A|005|        0 us   0003.677 s    < DT:0xE14DEEBC> ^ 20 [e045d83b]
00000850: 039da4e5 |V|A|005|        0 us   0003.677 s    < DT:0xE14DEEBC> + 40 114
00000851: 039da4e5 |V|A|005|        0 us   0003.677 s    < DT:0xE14DEEBC> ^ 40 [e045d83b]
00000811: 039da1f3 |V|A|005|        0 us   0003.676 s    < DT:0xE14DEEBC> + 0 14
00000812: 039da1f3 |V|A|005|        0 us   0003.676 s    < DT:0xE14DEEBC> ^ 0 [e045d83b]
00000830: 039da3f2 |V|A|005|        0 us   0003.677 s    < DT:0xE14DEEBC> + 20 14
00000831: 039da3f2 |V|A|005|        0 us   0003.677 s    < DT:0xE14DEEBC> ^ 20 [e045d83b]
00000850: 039da4e5 |V|A|005|        0 us   0003.677 s    < DT:0xE14DEEBC> + 40 114
00000851: 039da4e5 |V|A|005|        0 us   0003.677 s    < DT:0xE14DEEBC> ^ 40 [e045d83b]
00000811: 039da1f3 |V|A|005|        0 us   0003.676 s    < DT:0xE14DEEBC> + 0 14
00000812: 039da1f3 |V|A|005|        0 us   0003.676 s    < DT:0xE14DEEBC> ^ 0 [e045d83b]
00000830: 039da3f2 |V|A|005|        0 us   0003.677 s    < DT:0xE14DEEBC> + 20 14
00000831: 039da3f2 |V|A|005|        0 us   0003.677 s    < DT:0xE14DEEBC> ^ 20 [e045d83b]
00000850: 039da4e5 |V|A|005|        0 us   0003.677 s    < DT:0xE14DEEBC> + 40 114
00000851: 039da4e5 |V|A|005|        0 us   0003.677 s    < DT:0xE14DEEBC> ^ 40 [e045d83b]
00000811: 039da1f3 |V|A|005|        0 us   0003.676 s    < DT:0xE14DEEBC> + 0 14
00000812: 039da1f3 |V|A|005|        0 us   0003.676 s    < DT:0xE14DEEBC> ^ 0 [e045d83b]
00000830: 039da3f2 |V|A|005|        0 us   0003.677 s    < DT:0xE14DEEBC> + 20 14
00000831: 039da3f2 |V|A|005|        0 us   0003.677 s    < DT:0xE14DEEBC> ^ 20 [e045d83b]
00000850: 039da4e5 |V|A|005|        0 us   0003.677 s    < DT:0xE14DEEBC> + 40 114
00000851: 039da4e5 |V|A|005|        0 us   0003.677 s    < DT:0xE14DEEBC> ^ 40 [e045d83b]
00000811: 039da1f3 |V|A|005|        0 us   0003.676 s    < DT:0xE14DEEBC> + 0 14
00000812: 039da1f3 |V|A|005|        0 us   0003.676 s    < DT:0xE14DEEBC> ^ 0 [e045d83b]
00000830: 039da3f2 |V|A|005|        0 us   0003.677 s    < DT:0xE14DEEBC> + 20 14
00000831: 039da3f2 |V|A|005|        0 us   0003.677 s    < DT:0xE14DEEBC> ^ 20 [e045d83b]
00000850: 039da4e5 |V|A|005|        0 us   0003.677 s    < DT:0xE14DEEBC> + 40 114
00000851: 039da4e5 |V|A|005|        0 us   0003.677 s    < DT:0xE14DEEBC> ^ 40 [e045d83b]
00000811: 039da1f3 |V|A|005|        0 us   0003.676 s    < DT:0xE14DEEBC> + 0 14
00000812: 039da1f3 |V|A|005|        0 us   0003.676 s    < DT:0xE14DEEBC> ^ 0 [e045d83b]
00000830: 039da3f2 |V|A|005|        0 us   0003.677 s    < DT:0xE14DEEBC> + 20 14
00000831: 039da3f2 |V|A|005|        0 us   0003.677 s    < DT:0xE14DEEBC> ^ 20 [e045d83b]
00000850: 039da4e5 |V|A|005|        0 us   0003.677 s    < DT:0xE14DEEBC> + 40 114
00000851: 039da4e5 |V|A|005|        0 us   0003.677 s    < DT:0xE14DEEBC> ^ 40 [e045d83b]
00000811: 039da1f3 |V|A|005|        0 us   0003.676 s    < DT:0xE14DEEBC> + 0 14
00000812: 039da1f3 |V|A|005|        0 us   0003.676 s    < DT:0xE14DEEBC> ^ 0 [e045d83b]
00000830: 039da3f2 |V|A|005|        0 us   0003.677 s    < DT:0xE14DEEBC> + 20 14
00000831: 039da3f2 |V|A|005|        0 us   0003.677 s    < DT:0xE14DEEBC> ^ 20 [e045d83b]
00000850: 039da4e5 |V|A|005|        0 us   0003.677 s    < DT:0xE14DEEBC> + 40 114
00000851: 039da4e5 |V|A|005|        0 us   0003.677 s    < DT:0xE14DEEBC> ^ 40 [e045d83b]
00000811: 039da1f3 |V|A|005|        0 us   0003.676 s    < DT:0xE14DEEBC> + 0 14
00000812: 039da1f3 |V|A|005|        0 us   0003.676 s    < DT:0xE14DEEBC> ^ 0 [e045d83b]
00000830: 039da3f2 |V|A|005|        0 us   0003.677 s    < DT:0xE14DEEBC> + 20 14
00000831: 039da3f2 |V|A|005|        0 us   0003.677 s    < DT:0xE14DEEBC> ^ 20 [e045d83b]
00000850: 039da4e5 |V|A|005|        0 us   0003.677 s    < DT:0xE14DEEBC> + 40 114
00000851: 039da4e5 |V|A|005|        0 us   0003.677 s    < DT:0xE14DEEBC> ^ 40 [e045d83b]
00000811: 039da1f3 |V|A|005|        0 us   0003.676 s    < DT:0xE14DEEBC> + 0 14
00000812: 039da1f3 |V|A|005|        0 us   0003.676 s    < DT:0xE14DEEBC> ^ 0 [e045d83b]
00000830: 039da3f2 |V|A|005|        0 us   0003.677 s    < DT:0xE14DEEBC> + 20 14
00000831: 039da3f2 |V|A|005|        0 us   0003.677 s    < DT:0xE14DEEBC> ^ 20 [e045d83b]
00000850: 039da4e5 |V|A|005|        0 us   0003.677 s    < DT:0xE14DEEBC> + 40 114
00000851: 039da4e5 |V|A|005|        0 us   0003.677 s    < DT:0xE14DEEBC> ^ 40 [e045d83b]
00000811: 039da1f3 |V|A|005|        0 us   0003.676 s    < DT:0xE14DEEBC> + 0 14
00000812: 039da1f3 |V|A|005|        0 us   0003.676 s    < DT:0xE14DEEBC> ^ 0 [e045d83b]
00000830: 039da3f2 |V|A|005|        0 us   0003.677 s    < DT:0xE14DEEBC> + 20 14
00000831: 039da3f2 |V|A|005|        0 us   0003.677 s    < DT:0xE14DEEBC> ^ 20 [e045d83b]
00000850: 039da4e5 |V|A|005|        0 us   0003.677 s    < DT:0xE14DEEBC> + 40 114
00000851: 039da4e5 |V|A|005|        0 us   0003.677 s    < DT:0xE14DEEBC> ^ 40 [e045d83b]
00000811: 039da1f3 |V|A|005|        0 us   0003.676 s    < DT:0xE14DEEBC> + 0 14
00000812: 039da1f3 |V|A|005|        0 us   0003.676 s    < DT:0xE14DEEBC> ^ 0 [e045d83b]
00000830: 039da3f2 |V|A|005|        0 us   0003.677 s    < DT:0xE14DEEBC> + 20 14
00000831: 039da3f2 |V|A|005|        0 us   0003.677 s    < DT:0xE14DEEBC> ^ 20 [e045d83b]
00000850: 039da4e5 |V|A|005|        0 us   0003.677 s    < DT:0xE14DEEBC> + 40 114
00000851: 039da4e5 |V|A|005|        0 us   0003.677 s    < DT:0xE14DEEBC> ^ 40 [e045d83b]
00000811: 039da1f3 |V|A|005|        0 us   0003.676 s    < DT:0xE14DEEBC> + 0 14
00000812: 039da1f3 |V|A|005|        0 us   0003.676 s    < DT:0xE14DEEBC> ^ 0 [e045d83b]
00000830: 039da3f2 |V|A|005|        0 us   0003.677 s    < DT:0xE14DEEBC> + 20 14
00000831: 039da3f2 |V|A|005|        0 us   0003.677 s    < DT:0xE14DEEBC> ^ 20 [e045d83b]
00000850: 039da4e5 |V|A|005|        0 us   0003.677 s    < DT:0xE14DEEBC> + 40 114
00000851: 039da4e5 |V|A|005|        0 us   0003.677 s    < DT:0xE14DEEBC> ^ 40 [e045d83b]
00000811: 039da1f3 |V|A|005|        0 us   0003.676 s    < DT:0xE14DEEBC> + 0 14
00000812: 039da1f3 |V|A|005|        0 us   0003.676 s    < DT:0xE14DEEBC> ^ 0 [e045d83b]
00000830: 039da3f2 |V|A|005|        0 us   0003.677 s    < DT:0xE14DEEBC> + 20 14
00000831: 039da3f2 |V|A|005|        0 us   0003.677 s    < DT:0xE14DEEBC> ^ 20 [e045d83b]
00000850: 039da4e5 |V|A|005|        0 us   0003.677 s    < DT:0xE14DEEBC> + 40 114
00000851: 039da4e5 |V|A|005|        0 us   0003.677 s    < DT:0xE14DEEBC> ^ 40 [e045d83b]
00000811: 039da1f3 |V|A|005|        0 us   0003.676 s    < DT:0xE14DEEBC> + 0 14
00000812: 039da1f3 |V|A|005|        0 us   0003.676 s    < DT:0xE14DEEBC> ^ 0 [e045d83b]
00000830: 039da3f2 |V|A|005|        0 us   0003.677 s    < DT:0xE14DEEBC> + 20 14
00000831: 039da3f2 |V|A|005|        0 us   0003.677 s    < DT:0xE14DEEBC> ^ 20 [e045d83b]
00000850: 039da4e5 |V|A|005|        0 us   0003.677 s    < DT:0xE14DEEBC> + 40 114
00000851: 039da4e5 |V|A|005|        0 us   0003.677 s    < DT:0xE14DEEBC> ^ 40 [e045d83b]
00000811: 039da1f3 |V|A|005|        0 us   0003.676 s    < DT:0xE14DEEBC> + 15c 14
00000812: 039da1f3 |V|A|005|        0 us   0003.676 s    < DT:0xE14DEEBC> ^ 15c [e045d83b]
00000830: 039da3f2 |V|A|005|        0 us   0003.677 s    < DT:0xE14DEEBC> + 17c 14
00000831: 039da3f2 |V|A|005|        0 us   0003.677 s    < DT:0xE14DEEBC> ^ 17c [e045d83b]
00000850: 039da4e5 |V|A|005|        0 us   0003.677 s    < DT:0xE14DEEBC> + 19c 114
00000851: 039da4e5 |V|A|005|        0 us   0003.677 s    < DT:0xE14DEEBC> ^ 19c [e045d83b]
00000852: 039da4e5 |V|A|005|        0 us   0003.677 s    < DT:0xE14DEEBC> - 19c

